qqqqqqqqqqqqqqqqqqqqqqqqqqqqqqqqqqqqqqqqqq
aaaaaaaaaaaaaaaaaaaaaaaaaaaaaaaaaaaaaaaaa
sssssssssssssssssssssssssssssssssssssss
ddddddddddddddddddddddddddddddddddddddddddddd
fffffffffffffffffffffff
eeeeeeeeeeeeeeeeeeeeeeeeeeeeeeeeeeeeee
rrrrrrrrrrrrrrrrrrrrrrrrrrrrrrrrrrrr
fffffffffffffffffffffffffffffff
ggggggggggggggggggggggggggggggggg
hhhhhhhhhhhhhhhhhhhhhhhhhhhhhhhhhh
nnnnnnnnnnnnnnnnnnnnnnnnnnnnnnnnnnn
hhhhhhhhhhhhhhhhhhhhhhhhhhh